Archive member included to satisfy reference by file (symbol)

C:/ST/STM32CubeIDE_1.16.0/STM32CubeIDE/plugins/com.st.stm32cube.ide.mcu.externaltools.gnu-tools-for-stm32.12.3.rel1.win32_1.0.200.202406191623/tools/bin/../lib/gcc/arm-none-eabi/12.3.1/../../../../arm-none-eabi/lib/thumb/v7-m/nofp\libc_nano.a(libc_a-exit.o)
                              C:/ST/STM32CubeIDE_1.16.0/STM32CubeIDE/plugins/com.st.stm32cube.ide.mcu.externaltools.gnu-tools-for-stm32.12.3.rel1.win32_1.0.200.202406191623/tools/bin/../lib/gcc/arm-none-eabi/12.3.1/../../../../arm-none-eabi/lib/thumb/v7-m/nofp/crt0.o (exit)
C:/ST/STM32CubeIDE_1.16.0/STM32CubeIDE/plugins/com.st.stm32cube.ide.mcu.externaltools.gnu-tools-for-stm32.12.3.rel1.win32_1.0.200.202406191623/tools/bin/../lib/gcc/arm-none-eabi/12.3.1/../../../../arm-none-eabi/lib/thumb/v7-m/nofp\libc_nano.a(libc_a-findfp.o)
                              C:/ST/STM32CubeIDE_1.16.0/STM32CubeIDE/plugins/com.st.stm32cube.ide.mcu.externaltools.gnu-tools-for-stm32.12.3.rel1.win32_1.0.200.202406191623/tools/bin/../lib/gcc/arm-none-eabi/12.3.1/../../../../arm-none-eabi/lib/thumb/v7-m/nofp\libc_nano.a(libc_a-exit.o) (__stdio_exit_handler)
C:/ST/STM32CubeIDE_1.16.0/STM32CubeIDE/plugins/com.st.stm32cube.ide.mcu.externaltools.gnu-tools-for-stm32.12.3.rel1.win32_1.0.200.202406191623/tools/bin/../lib/gcc/arm-none-eabi/12.3.1/../../../../arm-none-eabi/lib/thumb/v7-m/nofp\libc_nano.a(libc_a-fwalk.o)
                              C:/ST/STM32CubeIDE_1.16.0/STM32CubeIDE/plugins/com.st.stm32cube.ide.mcu.externaltools.gnu-tools-for-stm32.12.3.rel1.win32_1.0.200.202406191623/tools/bin/../lib/gcc/arm-none-eabi/12.3.1/../../../../arm-none-eabi/lib/thumb/v7-m/nofp\libc_nano.a(libc_a-findfp.o) (_fwalk_sglue)
C:/ST/STM32CubeIDE_1.16.0/STM32CubeIDE/plugins/com.st.stm32cube.ide.mcu.externaltools.gnu-tools-for-stm32.12.3.rel1.win32_1.0.200.202406191623/tools/bin/../lib/gcc/arm-none-eabi/12.3.1/../../../../arm-none-eabi/lib/thumb/v7-m/nofp\libc_nano.a(libc_a-stdio.o)
                              C:/ST/STM32CubeIDE_1.16.0/STM32CubeIDE/plugins/com.st.stm32cube.ide.mcu.externaltools.gnu-tools-for-stm32.12.3.rel1.win32_1.0.200.202406191623/tools/bin/../lib/gcc/arm-none-eabi/12.3.1/../../../../arm-none-eabi/lib/thumb/v7-m/nofp\libc_nano.a(libc_a-findfp.o) (__sread)
C:/ST/STM32CubeIDE_1.16.0/STM32CubeIDE/plugins/com.st.stm32cube.ide.mcu.externaltools.gnu-tools-for-stm32.12.3.rel1.win32_1.0.200.202406191623/tools/bin/../lib/gcc/arm-none-eabi/12.3.1/../../../../arm-none-eabi/lib/thumb/v7-m/nofp\libc_nano.a(libc_a-memset.o)
                              C:/ST/STM32CubeIDE_1.16.0/STM32CubeIDE/plugins/com.st.stm32cube.ide.mcu.externaltools.gnu-tools-for-stm32.12.3.rel1.win32_1.0.200.202406191623/tools/bin/../lib/gcc/arm-none-eabi/12.3.1/../../../../arm-none-eabi/lib/thumb/v7-m/nofp/crt0.o (memset)
C:/ST/STM32CubeIDE_1.16.0/STM32CubeIDE/plugins/com.st.stm32cube.ide.mcu.externaltools.gnu-tools-for-stm32.12.3.rel1.win32_1.0.200.202406191623/tools/bin/../lib/gcc/arm-none-eabi/12.3.1/../../../../arm-none-eabi/lib/thumb/v7-m/nofp\libc_nano.a(libc_a-closer.o)
                              C:/ST/STM32CubeIDE_1.16.0/STM32CubeIDE/plugins/com.st.stm32cube.ide.mcu.externaltools.gnu-tools-for-stm32.12.3.rel1.win32_1.0.200.202406191623/tools/bin/../lib/gcc/arm-none-eabi/12.3.1/../../../../arm-none-eabi/lib/thumb/v7-m/nofp\libc_nano.a(libc_a-stdio.o) (_close_r)
C:/ST/STM32CubeIDE_1.16.0/STM32CubeIDE/plugins/com.st.stm32cube.ide.mcu.externaltools.gnu-tools-for-stm32.12.3.rel1.win32_1.0.200.202406191623/tools/bin/../lib/gcc/arm-none-eabi/12.3.1/../../../../arm-none-eabi/lib/thumb/v7-m/nofp\libc_nano.a(libc_a-reent.o)
                              C:/ST/STM32CubeIDE_1.16.0/STM32CubeIDE/plugins/com.st.stm32cube.ide.mcu.externaltools.gnu-tools-for-stm32.12.3.rel1.win32_1.0.200.202406191623/tools/bin/../lib/gcc/arm-none-eabi/12.3.1/../../../../arm-none-eabi/lib/thumb/v7-m/nofp\libc_nano.a(libc_a-closer.o) (errno)
C:/ST/STM32CubeIDE_1.16.0/STM32CubeIDE/plugins/com.st.stm32cube.ide.mcu.externaltools.gnu-tools-for-stm32.12.3.rel1.win32_1.0.200.202406191623/tools/bin/../lib/gcc/arm-none-eabi/12.3.1/../../../../arm-none-eabi/lib/thumb/v7-m/nofp\libc_nano.a(libc_a-impure.o)
                              C:/ST/STM32CubeIDE_1.16.0/STM32CubeIDE/plugins/com.st.stm32cube.ide.mcu.externaltools.gnu-tools-for-stm32.12.3.rel1.win32_1.0.200.202406191623/tools/bin/../lib/gcc/arm-none-eabi/12.3.1/../../../../arm-none-eabi/lib/thumb/v7-m/nofp\libc_nano.a(libc_a-reent.o) (_impure_ptr)
C:/ST/STM32CubeIDE_1.16.0/STM32CubeIDE/plugins/com.st.stm32cube.ide.mcu.externaltools.gnu-tools-for-stm32.12.3.rel1.win32_1.0.200.202406191623/tools/bin/../lib/gcc/arm-none-eabi/12.3.1/../../../../arm-none-eabi/lib/thumb/v7-m/nofp\libc_nano.a(libc_a-lseekr.o)
[...]
Memory Configuration

Name             Origin             Length             Attributes
RAM              0x20000000         0x00020000         xrw
FLASH            0x08000000         0x00100000         xr
*default*        0x00000000         0xffffffff

Linker script and memory map

LOAD C:/ST/STM32CubeIDE_1.16.0/STM32CubeIDE/plugins/com.st.stm32cube.ide.mcu.externaltools.gnu-tools-for-stm32.12.3.rel1.win32_1.0.200.202406191623/tools/bin/../lib/gcc/arm-none-eabi/12.3.1/thumb/v7-m/nofp/crti.o
LOAD C:/ST/STM32CubeIDE_1.16.0/STM32CubeIDE/plugins/com.st.stm32cube.ide.mcu.externaltools.gnu-tools-for-stm32.12.3.rel1.win32_1.0.200.202406191623/tools/bin/../lib/gcc/arm-none-eabi/12.3.1/thumb/v7-m/nofp/crtbegin.o
LOAD C:/ST/STM32CubeIDE_1.16.0/STM32CubeIDE/plugins/com.st.stm32cube.ide.mcu.externaltools.gnu-tools-for-stm32.12.3.rel1.win32_1.0.200.202406191623/tools/bin/../lib/gcc/arm-none-eabi/12.3.1/../../../../arm-none-eabi/lib/thumb/v7-m/nofp/crt0.o
LOAD ./Core/Src/main.o
LOAD ./Core/Src/stm32f2xx_hal_msp.o
LOAD ./Core/Src/stm32f2xx_it.o
LOAD ./Core/Src/syscalls.o
LOAD ./Core/Src/sysmem.o
LOAD ./Core/Src/system_stm32f2xx.o
LOAD ./Core/Startup/startup_stm32f207zgtx.o
LOAD ./Drivers/STM32F2xx_HAL_Driver/Src/stm32f2xx_hal.o
LOAD ./Drivers/STM32F2xx_HAL_Driver/Src/stm32f2xx_hal_adc.o
LOAD ./Drivers/STM32F2xx_HAL_Driver/Src/stm32f2xx_hal_adc_ex.o
LOAD ./Drivers/STM32F2xx_HAL_Driver/Src/stm32f2xx_hal_cortex.o
LOAD ./Drivers/STM32F2xx_HAL_Driver/Src/stm32f2xx_hal_dma.o
LOAD ./Drivers/STM32F2xx_HAL_Driver/Src/stm32f2xx_hal_dma_ex.o
LOAD ./Drivers/STM32F2xx_HAL_Driver/Src/stm32f2xx_hal_exti.o
LOAD ./Drivers/STM32F2xx_HAL_Driver/Src/stm32f2xx_hal_flash.o
LOAD ./Drivers/STM32F2xx_HAL_Driver/Src/stm32f2xx_hal_flash_ex.o
LOAD ./Drivers/STM32F2xx_HAL_Driver/Src/stm32f2xx_hal_gpio.o
LOAD ./Drivers/STM32F2xx_HAL_Driver/Src/stm32f2xx_hal_pcd.o
LOAD ./Drivers/STM32F2xx_HAL_Driver/Src/stm32f2xx_hal_pcd_ex.o
LOAD ./Drivers/STM32F2xx_HAL_Driver/Src/stm32f2xx_hal_pwr.o
LOAD ./Drivers/STM32F2xx_HAL_Driver/Src/stm32f2xx_hal_pwr_ex.o
LOAD ./Drivers/STM32F2xx_HAL_Driver/Src/stm32f2xx_hal_rcc.o
LOAD ./Drivers/STM32F2xx_HAL_Driver/Src/stm32f2xx_hal_rcc_ex.o
LOAD ./Drivers/STM32F2xx_HAL_Driver/Src/stm32f2xx_hal_spi.o
LOAD ./Drivers/STM32F2xx_HAL_Driver/Src/stm32f2xx_hal_tim.o
LOAD ./Drivers/STM32F2xx_HAL_Driver/Src/stm32f2xx_hal_tim_ex.o
LOAD ./Drivers/STM32F2xx_HAL_Driver/Src/stm32f2xx_hal_uart.o
LOAD ./Drivers/STM32F2xx_HAL_Driver/Src/stm32f2xx_ll_usb.o
START GROUP
LOAD C:/ST/STM32CubeIDE_1.16.0/STM32CubeIDE/plugins/com.st.stm32cube.ide.mcu.externaltools.gnu-tools-for-stm32.12.3.rel1.win32_1.0.200.202406191623/tools/bin/../lib/gcc/arm-none-eabi/12.3.1/../../../../arm-none-eabi/lib/thumb/v7-m/nofp\libc_nano.a
LOAD C:/ST/STM32CubeIDE_1.16.0/STM32CubeIDE/plugins/com.st.stm32cube.ide.mcu.externaltools.gnu-tools-for-stm32.12.3.rel1.win32_1.0.200.202406191623/tools/bin/../lib/gcc/arm-none-eabi/12.3.1/../../../../arm-none-eabi/lib/thumb/v7-m/nofp\libm.a
END GROUP
START GROUP
LOAD C:/ST/STM32CubeIDE_1.16.0/STM32CubeIDE/plugins/com.st.stm32cube.ide.mcu.externaltools.gnu-tools-for-stm32.12.3.rel1.win32_1.0.200.202406191623/tools/bin/../lib/gcc/arm-none-eabi/12.3.1/thumb/v7-m/nofp\libgcc.a
LOAD C:/ST/STM32CubeIDE_1.16.0/STM32CubeIDE/plugins/com.st.stm32cube.ide.mcu.externaltools.gnu-tools-for-stm32.12.3.rel1.win32_1.0.200.202406191623/tools/bin/../lib/gcc/arm-none-eabi/12.3.1/../../../../arm-none-eabi/lib/thumb/v7-m/nofp\libc_nano.a
END GROUP
START GROUP
LOAD C:/ST/STM32CubeIDE_1.16.0/STM32CubeIDE/plugins/com.st.stm32cube.ide.mcu.externaltools.gnu-tools-for-stm32.12.3.rel1.win32_1.0.200.202406191623/tools/bin/../lib/gcc/arm-none-eabi/12.3.1/thumb/v7-m/nofp\libgcc.a
LOAD C:/ST/STM32CubeIDE_1.16.0/STM32CubeIDE/plugins/com.st.stm32cube.ide.mcu.externaltools.gnu-tools-for-stm32.12.3.rel1.win32_1.0.200.202406191623/tools/bin/../lib/gcc/arm-none-eabi/12.3.1/../../../../arm-none-eabi/lib/thumb/v7-m/nofp\libc_nano.a
LOAD C:/ST/STM32CubeIDE_1.16.0/STM32CubeIDE/plugins/com.st.stm32cube.ide.mcu.externaltools.gnu-tools-for-stm32.12.3.rel1.win32_1.0.200.202406191623/tools/bin/../lib/gcc/arm-none-eabi/12.3.1/../../../../arm-none-eabi/lib/thumb/v7-m/nofp\libnosys.a
END GROUP
START GROUP
LOAD C:/ST/STM32CubeIDE_1.16.0/STM32CubeIDE/plugins/com.st.stm32cube.ide.mcu.externaltools.gnu-tools-for-stm32.12.3.rel1.win32_1.0.200.202406191623/tools/bin/../lib/gcc/arm-none-eabi/12.3.1/thumb/v7-m/nofp\libgcc.a
LOAD C:/ST/STM32CubeIDE_1.16.0/STM32CubeIDE/plugins/com.st.stm32cube.ide.mcu.externaltools.gnu-tools-for-stm32.12.3.rel1.win32_1.0.200.202406191623/tools/bin/../lib/gcc/arm-none-eabi/12.3.1/../../../../arm-none-eabi/lib/thumb/v7-m/nofp\libc_nano.a
LOAD C:/ST/STM32CubeIDE_1.16.0/STM32CubeIDE/plugins/com.st.stm32cube.ide.mcu.externaltools.gnu-tools-for-stm32.12.3.rel1.win32_1.0.200.202406191623/tools/bin/../lib/gcc/arm-none-eabi/12.3.1/../../../../arm-none-eabi/lib/thumb/v7-m/nofp\libnosys.a
END GROUP
LOAD C:/ST/STM32CubeIDE_1.16.0/STM32CubeIDE/plugins/com.st.stm32cube.ide.mcu.externaltools.gnu-tools-for-stm32.12.3.rel1.win32_1.0.200.202406191623/tools/bin/../lib/gcc/arm-none-eabi/12.3.1/thumb/v7-m/nofp/crtend.o
LOAD C:/ST/STM32CubeIDE_1.16.0/STM32CubeIDE/plugins/com.st.stm32cube.ide.mcu.externaltools.gnu-tools-for-stm32.12.3.rel1.win32_1.0.200.202406191623/tools/bin/../lib/gcc/arm-none-eabi/12.3.1/thumb/v7-m/nofp/crtn.o
                0x20020000                        _estack = (ORIGIN (RAM) + LENGTH (RAM))
                0x00000200                        _Min_Heap_Size = 0x200
                0x00000400                        _Min_Stack_Size = 0x400

.isr_vector     0x08000000      0x184
                0x08000000                        . = ALIGN (0x4)
 *(.isr_vector)
 .isr_vector    0x08000000      0x184 ./Core/Startup/startup_stm32f207zgtx.o
                0x08000000                g_pfnVectors
                0x08000184                        . = ALIGN (0x4)

.text           0x08000184     0x3558
                0x08000184                        . = ALIGN (0x4)
 *(.text)
 .text          0x08000184       0x40 C:/ST/STM32CubeIDE_1.16.0/STM32CubeIDE/plugins/com.st.stm32cube.ide.mcu.externaltools.gnu-tools-for-stm32.12.3.rel1.win32_1.0.200.202406191623/tools/bin/../lib/gcc/arm-none-eabi/12.3.1/thumb/v7-m/nofp/crtbegin.o
 .text          0x080001c4       0x30 C:/ST/STM32CubeIDE_1.16.0/STM32CubeIDE/plugins/com.st.stm32cube.ide.mcu.externaltools.gnu-tools-for-stm32.12.3.rel1.win32_1.0.200.202406191623/tools/bin/../lib/gcc/arm-none-eabi/12.3.1/thumb/v7-m/nofp\libgcc.a(_aeabi_uldivmod.o)
                0x080001c4                __aeabi_uldivmod
 .text          0x080001f4      0x2b8 C:/ST/STM32CubeIDE_1.16.0/STM32CubeIDE/plugins/com.st.stm32cube.ide.mcu.externaltools.gnu-tools-for-stm32.12.3.rel1.win32_1.0.200.202406191623/tools/bin/../lib/gcc/arm-none-eabi/12.3.1/thumb/v7-m/nofp\libgcc.a(_udivmoddi4.o)
                0x080001f4                __udivmoddi4
 .text          0x080004ac        0x4 C:/ST/STM32CubeIDE_1.16.0/STM32CubeIDE/plugins/com.st.stm32cube.ide.mcu.externaltools.gnu-tools-for-stm32.12.3.rel1.win32_1.0.200.202406191623/tools/bin/../lib/gcc/arm-none-eabi/12.3.1/thumb/v7-m/nofp\libgcc.a(_dvmd_tls.o)
                0x080004ac                __aeabi_idiv0
                0x080004ac                __aeabi_ldiv0
 *(.text*)
 .text.main     0x080004b0       0x30 ./Core/Src/main.o
                0x080004b0                main
 .text.HAL_ADC_ConvCpltCallback
                0x080004e0       0x64 ./Core/Src/main.o
                0x080004e0                HAL_ADC_ConvCpltCallback
 .text.SystemClock_Config
                0x08000544       0x8c ./Core/Src/main.o
                0x08000544                SystemClock_Config
 .text.MX_ADC1_Init
                0x080005d0       0xa4 ./Core/Src/main.o
 .text.MX_SPI1_Init
                0x08000674       0x6c ./Core/Src/main.o
 .text.MX_USART3_UART_Init
                0x080006e0       0x54 ./Core/Src/main.o
 .text.MX_USB_OTG_FS_PCD_Init
                0x08000734       0x54 ./Core/Src/main.o
 .text.MX_GPIO_Init
                0x08000788      0x1e4 ./Core/Src/main.o
 .text.Error_Handler
                0x0800096c        0xc ./Core/Src/main.o
                0x0800096c                Error_Handler
 .text.HAL_MspInit
                0x08000978       0x4c ./Core/Src/stm32f2xx_hal_msp.o
                0x08000978                HAL_MspInit
 .text.HAL_ADC_MspInit
                0x080009c4       0x98 ./Core/Src/stm32f2xx_hal_msp.o
                0x080009c4                HAL_ADC_MspInit
 .text.HAL_SPI_MspInit
                0x08000a5c       0xe0 ./Core/Src/stm32f2xx_hal_msp.o
                0x08000a5c                HAL_SPI_MspInit
 .text.HAL_UART_MspInit
                0x08000b3c       0x90 ./Core/Src/stm32f2xx_hal_msp.o
                0x08000b3c                HAL_UART_MspInit
 .text.HAL_PCD_MspInit
                0x08000bcc       0xb4 ./Core/Src/stm32f2xx_hal_msp.o
                0x08000bcc                HAL_PCD_MspInit
 .text.NMI_Handler
                0x08000c80        0x8 ./Core/Src/stm32f2xx_it.o
                0x08000c80                NMI_Handler
 .text.HardFault_Handler
                0x08000c88        0x8 ./Core/Src/stm32f2xx_it.o
                0x08000c88                HardFault_Handler
 .text.MemManage_Handler
                0x08000c90        0x8 ./Core/Src/stm32f2xx_it.o
                0x08000c90                MemManage_Handler
 .text.BusFault_Handler
                0x08000c98        0x8 ./Core/Src/stm32f2xx_it.o
                0x08000c98                BusFault_Handler
 .text.UsageFault_Handler
                0x08000ca0        0x8 ./Core/Src/stm32f2xx_it.o
                0x08000ca0                UsageFault_Handler
 .text.SVC_Handler
                0x08000ca8        0xc ./Core/Src/stm32f2xx_it.o
                0x08000ca8                SVC_Handler
 .text.DebugMon_Handler
                0x08000cb4        0xc ./Core/Src/stm32f2xx_it.o
                0x08000cb4                DebugMon_Handler
 .text.PendSV_Handler
                0x08000cc0        0xc ./Core/Src/stm32f2xx_it.o
                0x08000cc0                PendSV_Handler
 .text.SysTick_Handler
                0x08000ccc        0xc ./Core/Src/stm32f2xx_it.o
                0x08000ccc                SysTick_Handler
 .text.ADC_IRQHandler
                0x08000cd8       0x14 ./Core/Src/stm32f2xx_it.o
                0x08000cd8                ADC_IRQHandler
 .text.SPI1_IRQHandler
                0x08000cec       0x14 ./Core/Src/stm32f2xx_it.o
                0x08000cec                SPI1_IRQHandler
 .text.SystemInit
                0x08000d00        0xc ./Core/Src/system_stm32f2xx.o
                0x08000d00                SystemInit
 .text.Reset_Handler
                0x08000d0c       0x50 ./Core/Startup/startup_stm32f207zgtx.o
                0x08000d0c                Reset_Handler
 .text.Default_Handler
                0x08000d5c        0x2 ./Core/Startup/startup_stm32f207zgtx.o
                0x08000d5c                RTC_Alarm_IRQHandler
                0x08000d5c                HASH_RNG_IRQHandler
                0x08000d5c                EXTI2_IRQHandler
                0x08000d5c                TIM8_CC_IRQHandler
                0x08000d5c                TIM1_CC_IRQHandler
                0x08000d5c                DMA2_Stream5_IRQHandler
                0x08000d5c                DMA1_Stream5_IRQHandler
                0x08000d5c                PVD_IRQHandler
                0x08000d5c                SDIO_IRQHandler
                0x08000d5c                TAMP_STAMP_IRQHandler
                0x08000d5c                CAN2_RX1_IRQHandler
                0x08000d5c                EXTI3_IRQHandler
                0x08000d5c                TIM8_TRG_COM_TIM14_IRQHandler
                0x08000d5c                TIM1_UP_TIM10_IRQHandler
                0x08000d5c                TIM8_UP_TIM13_IRQHandler
                0x08000d5c                I2C3_ER_IRQHandler
                0x08000d5c                EXTI0_IRQHandler
                0x08000d5c                I2C2_EV_IRQHandler
                0x08000d5c                DMA1_Stream2_IRQHandler
                0x08000d5c                CAN1_RX0_IRQHandler
                0x08000d5c                OTG_HS_WKUP_IRQHandler
                0x08000d5c                CAN2_SCE_IRQHandler
                0x08000d5c                DMA2_Stream2_IRQHandler
                0x08000d5c                TIM6_DAC_IRQHandler
                0x08000d5c                TIM1_BRK_TIM9_IRQHandler
                0x08000d5c                DCMI_IRQHandler
                0x08000d5c                CAN2_RX0_IRQHandler
                0x08000d5c                DMA2_Stream3_IRQHandler
                0x08000d5c                USART6_IRQHandler
                0x08000d5c                USART3_IRQHandler
                0x08000d5c                CAN1_RX1_IRQHandler
                0x08000d5c                UART5_IRQHandler
                0x08000d5c                DMA2_Stream0_IRQHandler
                0x08000d5c                TIM4_IRQHandler
                0x08000d5c                I2C1_EV_IRQHandler
                0x08000d5c                DMA1_Stream6_IRQHandler
                0x08000d5c                DMA1_Stream1_IRQHandler
                0x08000d5c                UART4_IRQHandler
                0x08000d5c                TIM3_IRQHandler
                0x08000d5c                RCC_IRQHandler
                0x08000d5c                TIM8_BRK_TIM12_IRQHandler
                0x08000d5c                Default_Handler
                0x08000d5c                EXTI15_10_IRQHandler
                0x08000d5c                DMA1_Stream7_IRQHandler
                0x08000d5c                TIM7_IRQHandler
                0x08000d5c                CAN2_TX_IRQHandler
                0x08000d5c                TIM5_IRQHandler
                0x08000d5c                DMA2_Stream7_IRQHandler
                0x08000d5c                I2C3_EV_IRQHandler
                0x08000d5c                EXTI9_5_IRQHandler
                0x08000d5c                RTC_WKUP_IRQHandler
                0x08000d5c                ETH_WKUP_IRQHandler
                0x08000d5c                SPI2_IRQHandler
                0x08000d5c                OTG_HS_EP1_IN_IRQHandler
                0x08000d5c                DMA1_Stream0_IRQHandler
                0x08000d5c                CAN1_TX_IRQHandler
                0x08000d5c                EXTI4_IRQHandler
                0x08000d5c                FSMC_IRQHandler
                0x08000d5c                ETH_IRQHandler
                0x08000d5c                OTG_HS_EP1_OUT_IRQHandler
                0x08000d5c                WWDG_IRQHandler
                0x08000d5c                TIM2_IRQHandler
                0x08000d5c                OTG_FS_WKUP_IRQHandler
                0x08000d5c                TIM1_TRG_COM_TIM11_IRQHandler
                0x08000d5c                OTG_HS_IRQHandler
                0x08000d5c                EXTI1_IRQHandler
                0x08000d5c                USART2_IRQHandler
                0x08000d5c                I2C2_ER_IRQHandler
                0x08000d5c                DMA2_Stream1_IRQHandler
                0x08000d5c                CAN1_SCE_IRQHandler
                0x08000d5c                FLASH_IRQHandler
                0x08000d5c                DMA2_Stream4_IRQHandler
                0x08000d5c                USART1_IRQHandler
                0x08000d5c                OTG_FS_IRQHandler
                0x08000d5c                SPI3_IRQHandler
                0x08000d5c                DMA1_Stream4_IRQHandler
                0x08000d5c                I2C1_ER_IRQHandler
                0x08000d5c                DMA2_Stream6_IRQHandler
                0x08000d5c                DMA1_Stream3_IRQHandler
 *fill*         0x08000d5e        0x2 
 .text.HAL_Init
                0x08000d60       0x44 ./Drivers/STM32F2xx_HAL_Driver/Src/stm32f2xx_hal.o
                0x08000d60                HAL_Init
 .text.HAL_InitTick
                0x08000da4       0x60 ./Drivers/STM32F2xx_HAL_Driver/Src/stm32f2xx_hal.o
                0x08000da4                HAL_InitTick
 .text.HAL_IncTick
                0x08000e04       0x24 ./Drivers/STM32F2xx_HAL_Driver/Src/stm32f2xx_hal.o
                0x08000e04                HAL_IncTick
 .text.HAL_GetTick
                0x08000e28       0x14 ./Drivers/STM32F2xx_HAL_Driver/Src/stm32f2xx_hal.o
                0x08000e28                HAL_GetTick
 .text.HAL_Delay
                0x08000e3c       0x48 ./Drivers/STM32F2xx_HAL_Driver/Src/stm32f2xx_hal.o
                0x08000e3c                HAL_Delay
 .text.HAL_ADC_Init
                0x08000e84       0x86 ./Drivers/STM32F2xx_HAL_Driver/Src/stm32f2xx_hal_adc.o
                0x08000e84                HAL_ADC_Init
 *fill*         0x08000f0a        0x2 
 .text.HAL_ADC_Start_IT
                0x08000f0c      0x174 ./Drivers/STM32F2xx_HAL_Driver/Src/stm32f2xx_hal_adc.o
                0x08000f0c                HAL_ADC_Start_IT
 .text.HAL_ADC_IRQHandler
                0x08001080      0x220 ./Drivers/STM32F2xx_HAL_Driver/Src/stm32f2xx_hal_adc.o
                0x08001080                HAL_ADC_IRQHandler
 .text.HAL_ADC_GetValue
                0x080012a0       0x18 ./Drivers/STM32F2xx_HAL_Driver/Src/stm32f2xx_hal_adc.o
                0x080012a0                HAL_ADC_GetValue
 .text.HAL_ADC_LevelOutOfWindowCallback
                0x080012b8       0x12 ./Drivers/STM32F2xx_HAL_Driver/Src/stm32f2xx_hal_adc.o
                0x080012b8                HAL_ADC_LevelOutOfWindowCallback
 .text.HAL_ADC_ErrorCallback
                0x080012ca       0x12 ./Drivers/STM32F2xx_HAL_Driver/Src/stm32f2xx_hal_adc.o
                0x080012ca                HAL_ADC_ErrorCallback
 .text.HAL_ADC_ConfigChannel
                0x080012dc      0x240 ./Drivers/STM32F2xx_HAL_Driver/Src/stm32f2xx_hal_adc.o
                0x080012dc                HAL_ADC_ConfigChannel
 .text.ADC_Init
                0x0800151c      0x20c ./Drivers/STM32F2xx_HAL_Driver/Src/stm32f2xx_hal_adc.o
 .text.HAL_ADCEx_InjectedConvCpltCallback
                0x08001728       0x12 ./Drivers/STM32F2xx_HAL_Driver/Src/stm32f2xx_hal_adc_ex.o
                0x08001728                HAL_ADCEx_InjectedConvCpltCallback
 *fill*         0x0800173a        0x2 
 .text.__NVIC_SetPriorityGrouping
                0x0800173c       0x48 ./Drivers/STM32F2xx_HAL_Driver/Src/stm32f2xx_hal_cortex.o
 .text.__NVIC_GetPriorityGrouping
                0x08001784       0x1c ./Drivers/STM32F2xx_HAL_Driver/Src/stm32f2xx_hal_cortex.o
 .text.__NVIC_EnableIRQ
                0x080017a0       0x38 ./Drivers/STM32F2xx_HAL_Driver/Src/stm32f2xx_hal_cortex.o
 .text.__NVIC_SetPriority
                0x080017d8       0x54 ./Drivers/STM32F2xx_HAL_Driver/Src/stm32f2xx_hal_cortex.o
 .text.NVIC_EncodePriority
                0x0800182c       0x64 ./Drivers/STM32F2xx_HAL_Driver/Src/stm32f2xx_hal_cortex.o
 .text.SysTick_Config
                0x08001890       0x44 ./Drivers/STM32F2xx_HAL_Driver/Src/stm32f2xx_hal_cortex.o
 .text.HAL_NVIC_SetPriorityGrouping
                0x080018d4       0x16 ./Drivers/STM32F2xx_HAL_Driver/Src/stm32f2xx_hal_cortex.o
                0x080018d4                HAL_NVIC_SetPriorityGrouping
 .text.HAL_NVIC_SetPriority
                0x080018ea       0x38 ./Drivers/STM32F2xx_HAL_Driver/Src/stm32f2xx_hal_cortex.o
                0x080018ea                HAL_NVIC_SetPriority
 .text.HAL_NVIC_EnableIRQ
                0x08001922       0x1c ./Drivers/STM32F2xx_HAL_Driver/Src/stm32f2xx_hal_cortex.o
                0x08001922                HAL_NVIC_EnableIRQ
 .text.HAL_SYSTICK_Config
                0x0800193e       0x18 ./Drivers/STM32F2xx_HAL_Driver/Src/stm32f2xx_hal_cortex.o
                0x0800193e                HAL_SYSTICK_Config
 .text.HAL_DMA_Abort_IT
                0x08001956       0x42 ./Drivers/STM32F2xx_HAL_Driver/Src/stm32f2xx_hal_dma.o
                0x08001956                HAL_DMA_Abort_IT
 .text.HAL_GPIO_Init
                0x08001998      0x33c ./Drivers/STM32F2xx_HAL_Driver/Src/stm32f2xx_hal_gpio.o
                0x08001998                HAL_GPIO_Init
 .text.HAL_GPIO_WritePin
                0x08001cd4       0x30 ./Drivers/STM32F2xx_HAL_Driver/Src/stm32f2xx_hal_gpio.o
                0x08001cd4                HAL_GPIO_WritePin
 .text.HAL_PCD_Init
                0x08001d04      0x21e ./Drivers/STM32F2xx_HAL_Driver/Src/stm32f2xx_hal_pcd.o
                0x08001d04                HAL_PCD_Init
 *fill*         0x08001f22        0x2 
 .text.HAL_RCC_OscConfig
                0x08001f24      0x4a8 ./Drivers/STM32F2xx_HAL_Driver/Src/stm32f2xx_hal_rcc.o
                0x08001f24                HAL_RCC_OscConfig
 .text.HAL_RCC_ClockConfig
                0x080023cc      0x1d8 ./Drivers/STM32F2xx_HAL_Driver/Src/stm32f2xx_hal_rcc.o
                0x080023cc                HAL_RCC_ClockConfig
 .text.HAL_RCC_GetSysClockFreq
                0x080025a4      0x218 ./Drivers/STM32F2xx_HAL_Driver/Src/stm32f2xx_hal_rcc.o
                0x080025a4                HAL_RCC_GetSysClockFreq
 .text.HAL_RCC_GetHCLKFreq
                0x080027bc       0x14 ./Drivers/STM32F2xx_HAL_Driver/Src/stm32f2xx_hal_rcc.o
                0x080027bc                HAL_RCC_GetHCLKFreq
 .text.HAL_RCC_GetPCLK1Freq
                0x080027d0       0x44 ./Drivers/STM32F2xx_HAL_Driver/Src/stm32f2xx_hal_rcc.o
                0x080027d0                HAL_RCC_GetPCLK1Freq
 .text.HAL_RCC_GetPCLK2Freq
                0x08002814       0x44 ./Drivers/STM32F2xx_HAL_Driver/Src/stm32f2xx_hal_rcc.o
                0x08002814                HAL_RCC_GetPCLK2Freq
 .text.HAL_SPI_Init
                0x08002858      0x112 ./Drivers/STM32F2xx_HAL_Driver/Src/stm32f2xx_hal_spi.o
                0x08002858                HAL_SPI_Init
 *fill*         0x0800296a        0x2 
 .text.HAL_SPI_IRQHandler
                0x0800296c      0x1e8 ./Drivers/STM32F2xx_HAL_Driver/Src/stm32f2xx_hal_spi.o
                0x0800296c                HAL_SPI_IRQHandler
 .text.HAL_SPI_ErrorCallback
                0x08002b54       0x12 ./Drivers/STM32F2xx_HAL_Driver/Src/stm32f2xx_hal_spi.o
                0x08002b54                HAL_SPI_ErrorCallback
 .text.SPI_DMAAbortOnError
                0x08002b66       0x28 ./Drivers/STM32F2xx_HAL_Driver/Src/stm32f2xx_hal_spi.o
 .text.HAL_UART_Init
                0x08002b8e       0xa0 ./Drivers/STM32F2xx_HAL_Driver/Src/stm32f2xx_hal_uart.o
                0x08002b8e                HAL_UART_Init
 .text.HAL_UART_Transmit
                0x08002c2e      0x116 ./Drivers/STM32F2xx_HAL_Driver/Src/stm32f2xx_hal_uart.o
                0x08002c2e                HAL_UART_Transmit
 .text.UART_WaitOnFlagUntilTimeout
                0x08002d44       0xb2 ./Drivers/STM32F2xx_HAL_Driver/Src/stm32f2xx_hal_uart.o
 .text.UART_EndRxTransfer
                0x08002df6       0xc4 ./Drivers/STM32F2xx_HAL_Driver/Src/stm32f2xx_hal_uart.o
 *fill*         0x08002eba        0x2 
 .text.UART_SetConfig
                0x08002ebc      0x1d4 ./Drivers/STM32F2xx_HAL_Driver/Src/stm32f2xx_hal_uart.o
 .text.USB_CoreInit
                0x08003090       0xb2 ./Drivers/STM32F2xx_HAL_Driver/Src/stm32f2xx_ll_usb.o
                0x08003090                USB_CoreInit
 .text.USB_DisableGlobalInt
                0x08003142       0x20 ./Drivers/STM32F2xx_HAL_Driver/Src/stm32f2xx_ll_usb.o
                0x08003142                USB_DisableGlobalInt
 .text.USB_SetCurrentMode
                0x08003162       0x98 ./Drivers/STM32F2xx_HAL_Driver/Src/stm32f2xx_ll_usb.o
                0x08003162                USB_SetCurrentMode
 *fill*         0x080031fa        0x2 
 .text.USB_DevInit
                0x080031fc      0x2c8 ./Drivers/STM32F2xx_HAL_Driver/Src/stm32f2xx_ll_usb.o
                0x080031fc                USB_DevInit
 .text.USB_FlushTxFifo
                0x080034c4       0x62 ./Drivers/STM32F2xx_HAL_Driver/Src/stm32f2xx_ll_usb.o
                0x080034c4                USB_FlushTxFifo
 .text.USB_FlushRxFifo
                0x08003526       0x5a ./Drivers/STM32F2xx_HAL_Driver/Src/stm32f2xx_ll_usb.o
                0x08003526                USB_FlushRxFifo
 .text.USB_SetDevSpeed
                0x08003580       0x30 ./Drivers/STM32F2xx_HAL_Driver/Src/stm32f2xx_ll_usb.o
                0x08003580                USB_SetDevSpeed
 .text.USB_DevDisconnect
                0x080035b0       0x40 ./Drivers/STM32F2xx_HAL_Driver/Src/stm32f2xx_ll_usb.o
                0x080035b0                USB_DevDisconnect
 .text.USB_GetMode
                0x080035f0       0x1a ./Drivers/STM32F2xx_HAL_Driver/Src/stm32f2xx_ll_usb.o
                0x080035f0                USB_GetMode
 .text.USB_CoreReset
                0x0800360a       0x60 ./Drivers/STM32F2xx_HAL_Driver/Src/stm32f2xx_ll_usb.o
 .text.memset   0x0800366a       0x10 C:/ST/STM32CubeIDE_1.16.0/STM32CubeIDE/plugins/com.st.stm32cube.ide.mcu.externaltools.gnu-tools-for-stm32.12.3.rel1.win32_1.0.200.202406191623/tools/bin/../lib/gcc/arm-none-eabi/12.3.1/../../../../arm-none-eabi/lib/thumb/v7-m/nofp\libc_nano.a(libc_a-memset.o)
                0x0800366a                memset
 *fill*         0x0800367a        0x2 
 .text.__libc_init_array
                0x0800367c       0x48 C:/ST/STM32CubeIDE_1.16.0/STM32CubeIDE/plugins/com.st.stm32cube.ide.mcu.externaltools.gnu-tools-for-stm32.12.3.rel1.win32_1.0.200.202406191623/tools/bin/../lib/gcc/arm-none-eabi/12.3.1/../../../../arm-none-eabi/lib/thumb/v7-m/nofp\libc_nano.a(libc_a-init.o)
                0x0800367c                __libc_init_array
 *(.glue_7)
 .glue_7        0x080036c4        0x0 linker stubs
 *(.glue_7t)
 .glue_7t       0x080036c4        0x0 linker stubs
 *(.eh_frame)
 .eh_frame      0x080036c4        0x0 C:/ST/STM32CubeIDE_1.16.0/STM32CubeIDE/plugins/com.st.stm32cube.ide.mcu.externaltools.gnu-tools-for-stm32.12.3.rel1.win32_1.0.200.202406191623/tools/bin/../lib/gcc/arm-none-eabi/12.3.1/thumb/v7-m/nofp/crtbegin.o
 *(.init)
 .init          0x080036c4        0x4 C:/ST/STM32CubeIDE_1.16.0/STM32CubeIDE/plugins/com.st.stm32cube.ide.mcu.externaltools.gnu-tools-for-stm32.12.3.rel1.win32_1.0.200.202406191623/tools/bin/../lib/gcc/arm-none-eabi/12.3.1/thumb/v7-m/nofp/crti.o
                0x080036c4                _init
 .init          0x080036c8        0x8 C:/ST/STM32CubeIDE_1.16.0/STM32CubeIDE/plugins/com.st.stm32cube.ide.mcu.externaltools.gnu-tools-for-stm32.12.3.rel1.win32_1.0.200.202406191623/tools/bin/../lib/gcc/arm-none-eabi/12.3.1/thumb/v7-m/nofp/crtn.o
 *(.fini)
 .fini          0x080036d0        0x4 C:/ST/STM32CubeIDE_1.16.0/STM32CubeIDE/plugins/com.st.stm32cube.ide.mcu.externaltools.gnu-tools-for-stm32.12.3.rel1.win32_1.0.200.202406191623/tools/bin/../lib/gcc/arm-none-eabi/12.3.1/thumb/v7-m/nofp/crti.o
                0x080036d0                _fini
 .fini          0x080036d4        0x8 C:/ST/STM32CubeIDE_1.16.0/STM32CubeIDE/plugins/com.st.stm32cube.ide.mcu.externaltools.gnu-tools-for-stm32.12.3.rel1.win32_1.0.200.202406191623/tools/bin/../lib/gcc/arm-none-eabi/12.3.1/thumb/v7-m/nofp/crtn.o
                0x080036dc                        . = ALIGN (0x4)
                0x080036dc                        _etext = .

.vfp11_veneer   0x080036dc        0x0
 .vfp11_veneer  0x080036dc        0x0 linker stubs

.v4_bx          0x080036dc        0x0
 .v4_bx         0x080036dc        0x0 linker stubs

.iplt           0x080036dc        0x0
 .iplt          0x080036dc        0x0 C:/ST/STM32CubeIDE_1.16.0/STM32CubeIDE/plugins/com.st.stm32cube.ide.mcu.externaltools.gnu-tools-for-stm32.12.3.rel1.win32_1.0.200.202406191623/tools/bin/../lib/gcc/arm-none-eabi/12.3.1/thumb/v7-m/nofp/crtbegin.o

.rodata         0x080036dc       0x18
                0x080036dc                        . = ALIGN (0x4)
 *(.rodata)
 *(.rodata*)
 .rodata.AHBPrescTable
                0x080036dc       0x10 ./Core/Src/system_stm32f2xx.o
                0x080036dc                AHBPrescTable
 .rodata.APBPrescTable
                0x080036ec        0x8 ./Core/Src/system_stm32f2xx.o
                0x080036ec                APBPrescTable
                0x080036f4                        . = ALIGN (0x4)

.ARM.extab      0x080036f4        0x0
                0x080036f4                        . = ALIGN (0x4)
 *(.ARM.extab* .gnu.linkonce.armextab.*)
                0x080036f4                        . = ALIGN (0x4)

.ARM            0x080036f4        0x8
                0x080036f4                        . = ALIGN (0x4)
                0x080036f4                        __exidx_start = .
 *(.ARM.exidx*)
 .ARM.exidx     0x080036f4        0x8 C:/ST/STM32CubeIDE_1.16.0/STM32CubeIDE/plugins/com.st.stm32cube.ide.mcu.externaltools.gnu-tools-for-stm32.12.3.rel1.win32_1.0.200.202406191623/tools/bin/../lib/gcc/arm-none-eabi/12.3.1/thumb/v7-m/nofp\libgcc.a(_udivmoddi4.o)
                0x080036fc                        __exidx_end = .
                0x080036fc                        . = ALIGN (0x4)

.preinit_array  0x080036fc        0x0
                0x080036fc                        . = ALIGN (0x4)
                0x080036fc                        PROVIDE (__preinit_array_start = .)
 *(.preinit_array*)
                0x080036fc                        PROVIDE (__preinit_array_end = .)
                0x080036fc                        . = ALIGN (0x4)

.init_array     0x080036fc        0x4
                0x080036fc                        . = ALIGN (0x4)
                0x080036fc                        PROVIDE (__init_array_start = .)
 *(SORT_BY_NAME(.init_array.*))
 *(.init_array*)
 .init_array    0x080036fc        0x4 C:/ST/STM32CubeIDE_1.16.0/STM32CubeIDE/plugins/com.st.stm32cube.ide.mcu.externaltools.gnu-tools-for-stm32.12.3.rel1.win32_1.0.200.202406191623/tools/bin/../lib/gcc/arm-none-eabi/12.3.1/thumb/v7-m/nofp/crtbegin.o
                0x08003700                        PROVIDE (__init_array_end = .)
                0x08003700                        . = ALIGN (0x4)

.fini_array     0x08003700        0x4
                0x08003700                        . = ALIGN (0x4)
                [!provide]                        PROVIDE (__fini_array_start = .)
 *(SORT_BY_NAME(.fini_array.*))
 *(.fini_array*)
 .fini_array    0x08003700        0x4 C:/ST/STM32CubeIDE_1.16.0/STM32CubeIDE/plugins/com.st.stm32cube.ide.mcu.externaltools.gnu-tools-for-stm32.12.3.rel1.win32_1.0.200.202406191623/tools/bin/../lib/gcc/arm-none-eabi/12.3.1/thumb/v7-m/nofp/crtbegin.o
                [!provide]                        PROVIDE (__fini_array_end = .)
                0x08003704                        . = ALIGN (0x4)
                0x08003704                        _sidata = LOADADDR (.data)

.rel.dyn        0x08003704        0x0
 .rel.iplt      0x08003704        0x0 C:/ST/STM32CubeIDE_1.16.0/STM32CubeIDE/plugins/com.st.stm32cube.ide.mcu.externaltools.gnu-tools-for-stm32.12.3.rel1.win32_1.0.200.202406191623/tools/bin/../lib/gcc/arm-none-eabi/12.3.1/thumb/v7-m/nofp/crtbegin.o

.data           0x20000000        0xc load address 0x08003704
                0x20000000                        . = ALIGN (0x4)
                0x20000000                        _sdata = .
 *(.data)
 *(.data*)
 .data.SystemCoreClock
                0x20000000        0x4 ./Core/Src/system_stm32f2xx.o
                0x20000000                SystemCoreClock
 .data.uwTickPrio
                0x20000004        0x4 ./Drivers/STM32F2xx_HAL_Driver/Src/stm32f2xx_hal.o
                0x20000004                uwTickPrio
 .data.uwTickFreq
                0x20000008        0x1 ./Drivers/STM32F2xx_HAL_Driver/Src/stm32f2xx_hal.o
                0x20000008                uwTickFreq
 *(.RamFunc)
 *(.RamFunc*)
                0x2000000c                        . = ALIGN (0x4)
 *fill*         0x20000009        0x3 
                0x2000000c                        _edata = .

.igot.plt       0x2000000c        0x0 load address 0x08003710
 .igot.plt      0x2000000c        0x0 C:/ST/STM32CubeIDE_1.16.0/STM32CubeIDE/plugins/com.st.stm32cube.ide.mcu.externaltools.gnu-tools-for-stm32.12.3.rel1.win32_1.0.200.202406191623/tools/bin/../lib/gcc/arm-none-eabi/12.3.1/thumb/v7-m/nofp/crtbegin.o
                0x2000000c                        . = ALIGN (0x4)

.bss            0x2000000c      0x5e8 load address 0x08003710
                0x2000000c                        _sbss = .
                0x2000000c                        __bss_start__ = _sbss
 *(.bss)
 .bss           0x2000000c       0x1c C:/ST/STM32CubeIDE_1.16.0/STM32CubeIDE/plugins/com.st.stm32cube.ide.mcu.externaltools.gnu-tools-for-stm32.12.3.rel1.win32_1.0.200.202406191623/tools/bin/../lib/gcc/arm-none-eabi/12.3.1/thumb/v7-m/nofp/crtbegin.o
 *(.bss*)
 .bss.hadc1     0x20000028       0x48 ./Core/Src/main.o
                0x20000028                hadc1
 .bss.hspi1     0x20000070       0x58 ./Core/Src/main.o
                0x20000070                hspi1
 .bss.huart3    0x200000c8       0x48 ./Core/Src/main.o
                0x200000c8                huart3
 .bss.hpcd_USB_OTG_FS
                0x20000110      0x4dc ./Core/Src/main.o
                0x20000110                hpcd_USB_OTG_FS
 .bss.data      0x200005ec        0x4 ./Core/Src/main.o
                0x200005ec                data
 .bss.uwTick    0x200005f0        0x4 ./Drivers/STM32F2xx_HAL_Driver/Src/stm32f2xx_hal.o
                0x200005f0                uwTick
 *(COMMON)
                0x200005f4                        . = ALIGN (0x4)
                0x200005f4                        _ebss = .
                0x200005f4                        __bss_end__ = _ebss

._user_heap_stack
                0x200005f4      0x604 load address 0x08003710
                0x200005f8                        . = ALIGN (0x8)
 *fill*         0x200005f4        0x4 
                [!provide]                        PROVIDE (end = .)
                0x200005f8                        PROVIDE (_end = .)
                0x200007f8                        . = (. + _Min_Heap_Size)
 *fill*         0x200005f8      0x200 
                0x20000bf8                        . = (. + _Min_Stack_Size)
 *fill*         0x200007f8      0x400 
                0x20000bf8                        . = ALIGN (0x8)

/DISCARD/
 libc.a(*)
 libm.a(*)
 libgcc.a(*)

.ARM.attributes
                0x00000000       0x29
 *(.ARM.attributes)
 .ARM.attributes
                0x00000000       0x1d C:/ST/STM32CubeIDE_1.16.0/STM32CubeIDE/plugins/com.st.stm32cube.ide.mcu.externaltools.gnu-tools-for-stm32.12.3.rel1.win32_1.0.200.202406191623/tools/bin/../lib/gcc/arm-none-eabi/12.3.1/thumb/v7-m/nofp/crti.o
 .ARM.attributes
                0x0000001d       0x2d C:/ST/STM32CubeIDE_1.16.0/STM32CubeIDE/plugins/com.st.stm32cube.ide.mcu.externaltools.gnu-tools-for-stm32.12.3.rel1.win32_1.0.200.202406191623/tools/bin/../lib/gcc/arm-none-eabi/12.3.1/thumb/v7-m/nofp/crtbegin.o
 .ARM.attributes
                0x0000004a       0x2d ./Core/Src/main.o
 .ARM.attributes
                0x00000077       0x2d ./Core/Src/stm32f2xx_hal_msp.o
 .ARM.attributes
                0x000000a4       0x2d ./Core/Src/stm32f2xx_it.o
 .ARM.attributes
                0x000000d1       0x2d ./Core/Src/system_stm32f2xx.o
 .ARM.attributes
                0x000000fe       0x21 ./Core/Startup/startup_stm32f207zgtx.o
 .ARM.attributes
                0x0000011f       0x2d ./Drivers/STM32F2xx_HAL_Driver/Src/stm32f2xx_hal.o
 .ARM.attributes
                0x0000014c       0x2d ./Drivers/STM32F2xx_HAL_Driver/Src/stm32f2xx_hal_adc.o
 .ARM.attributes
                0x00000179       0x2d ./Drivers/STM32F2xx_HAL_Driver/Src/stm32f2xx_hal_adc_ex.o
 .ARM.attributes
                0x000001a6       0x2d ./Drivers/STM32F2xx_HAL_Driver/Src/stm32f2xx_hal_cortex.o
 .ARM.attributes
                0x000001d3       0x2d ./Drivers/STM32F2xx_HAL_Driver/Src/stm32f2xx_hal_dma.o
 .ARM.attributes
                0x00000200       0x2d ./Drivers/STM32F2xx_HAL_Driver/Src/stm32f2xx_hal_gpio.o
 .ARM.attributes
                0x0000022d       0x2d ./Drivers/STM32F2xx_HAL_Driver/Src/stm32f2xx_hal_pcd.o
 .ARM.attributes
                0x0000025a       0x2d ./Drivers/STM32F2xx_HAL_Driver/Src/stm32f2xx_hal_rcc.o
 .ARM.attributes
                0x00000287       0x2d ./Drivers/STM32F2xx_HAL_Driver/Src/stm32f2xx_hal_spi.o
 .ARM.attributes
                0x000002b4       0x2d ./Drivers/STM32F2xx_HAL_Driver/Src/stm32f2xx_hal_uart.o
 .ARM.attributes
                0x000002e1       0x2d ./Drivers/STM32F2xx_HAL_Driver/Src/stm32f2xx_ll_usb.o
 .ARM.attributes
                0x0000030e       0x2d C:/ST/STM32CubeIDE_1.16.0/STM32CubeIDE/plugins/com.st.stm32cube.ide.mcu.externaltools.gnu-tools-for-stm32.12.3.rel1.win32_1.0.200.202406191623/tools/bin/../lib/gcc/arm-none-eabi/12.3.1/../../../../arm-none-eabi/lib/thumb/v7-m/nofp\libc_nano.a(libc_a-memset.o)
 .ARM.attributes
                0x0000033b       0x2d C:/ST/STM32CubeIDE_1.16.0/STM32CubeIDE/plugins/com.st.stm32cube.ide.mcu.externaltools.gnu-tools-for-stm32.12.3.rel1.win32_1.0.200.202406191623/tools/bin/../lib/gcc/arm-none-eabi/12.3.1/../../../../arm-none-eabi/lib/thumb/v7-m/nofp\libc_nano.a(libc_a-init.o)
 .ARM.attributes
                0x00000368       0x1d C:/ST/STM32CubeIDE_1.16.0/STM32CubeIDE/plugins/com.st.stm32cube.ide.mcu.externaltools.gnu-tools-for-stm32.12.3.rel1.win32_1.0.200.202406191623/tools/bin/../lib/gcc/arm-none-eabi/12.3.1/thumb/v7-m/nofp\libgcc.a(_aeabi_uldivmod.o)
 .ARM.attributes
                0x00000385       0x2d C:/ST/STM32CubeIDE_1.16.0/STM32CubeIDE/plugins/com.st.stm32cube.ide.mcu.externaltools.gnu-tools-for-stm32.12.3.rel1.win32_1.0.200.202406191623/tools/bin/../lib/gcc/arm-none-eabi/12.3.1/thumb/v7-m/nofp\libgcc.a(_udivmoddi4.o)
 .ARM.attributes
                0x000003b2       0x1d C:/ST/STM32CubeIDE_1.16.0/STM32CubeIDE/plugins/com.st.stm32cube.ide.mcu.externaltools.gnu-tools-for-stm32.12.3.rel1.win32_1.0.200.202406191623/tools/bin/../lib/gcc/arm-none-eabi/12.3.1/thumb/v7-m/nofp\libgcc.a(_dvmd_tls.o)
 .ARM.attributes
                0x000003cf       0x1d C:/ST/STM32CubeIDE_1.16.0/STM32CubeIDE/plugins/com.st.stm32cube.ide.mcu.externaltools.gnu-tools-for-stm32.12.3.rel1.win32_1.0.200.202406191623/tools/bin/../lib/gcc/arm-none-eabi/12.3.1/thumb/v7-m/nofp/crtn.o
OUTPUT(Spi_master.elf elf32-littlearm)
LOAD linker stubs
LOAD C:/ST/STM32CubeIDE_1.16.0/STM32CubeIDE/plugins/com.st.stm32cube.ide.mcu.externaltools.gnu-tools-for-stm32.12.3.rel1.win32_1.0.200.202406191623/tools/bin/../lib/gcc/arm-none-eabi/12.3.1/../../../../arm-none-eabi/lib/thumb/v7-m/nofp\libc.a
LOAD C:/ST/STM32CubeIDE_1.16.0/STM32CubeIDE/plugins/com.st.stm32cube.ide.mcu.externaltools.gnu-tools-for-stm32.12.3.rel1.win32_1.0.200.202406191623/tools/bin/../lib/gcc/arm-none-eabi/12.3.1/../../../../arm-none-eabi/lib/thumb/v7-m/nofp\libm.a
LOAD C:/ST/STM32CubeIDE_1.16.0/STM32CubeIDE/plugins/com.st.stm32cube.ide.mcu.externaltools.gnu-tools-for-stm32.12.3.rel1.win32_1.0.200.202406191623/tools/bin/../lib/gcc/arm-none-eabi/12.3.1/thumb/v7-m/nofp\libgcc.a

.debug_info     0x00000000     0xf49e
 .debug_info    0x00000000     0x168b ./Core/Src/main.o
 .debug_info    0x0000168b     0x165f ./Core/Src/stm32f2xx_hal_msp.o
 .debug_info    0x00002cea      0x8fa ./Core/Src/stm32f2xx_it.o
 .debug_info    0x000035e4      0x31f ./Core/Src/system_stm32f2xx.o
 .debug_info    0x00003903       0x30 ./Core/Startup/startup_stm32f207zgtx.o
 .debug_info    0x00003933      0x9c3 ./Drivers/STM32F2xx_HAL_Driver/Src/stm32f2xx_hal.o
 .debug_info    0x000042f6      0xcd0 ./Drivers/STM32F2xx_HAL_Driver/Src/stm32f2xx_hal_adc.o
 .debug_info    0x00004fc6      0xaed ./Drivers/STM32F2xx_HAL_Driver/Src/stm32f2xx_hal_adc_ex.o
 .debug_info    0x00005ab3      0xd7b ./Drivers/STM32F2xx_HAL_Driver/Src/stm32f2xx_hal_cortex.o
 .debug_info    0x0000682e      0x8e7 ./Drivers/STM32F2xx_HAL_Driver/Src/stm32f2xx_hal_dma.o
 .debug_info    0x00007115      0x68e ./Drivers/STM32F2xx_HAL_Driver/Src/stm32f2xx_hal_gpio.o
 .debug_info    0x000077a3     0x14e2 ./Drivers/STM32F2xx_HAL_Driver/Src/stm32f2xx_hal_pcd.o
 .debug_info    0x00008c85      0xa39 ./Drivers/STM32F2xx_HAL_Driver/Src/stm32f2xx_hal_rcc.o
 .debug_info    0x000096be     0x1516 ./Drivers/STM32F2xx_HAL_Driver/Src/stm32f2xx_hal_spi.o
 .debug_info    0x0000abd4     0x2f37 ./Drivers/STM32F2xx_HAL_Driver/Src/stm32f2xx_hal_uart.o
 .debug_info    0x0000db0b     0x1993 ./Drivers/STM32F2xx_HAL_Driver/Src/stm32f2xx_ll_usb.o

.debug_abbrev   0x00000000     0x24a9
 .debug_abbrev  0x00000000      0x2f5 ./Core/Src/main.o
 .debug_abbrev  0x000002f5      0x24d ./Core/Src/stm32f2xx_hal_msp.o
 .debug_abbrev  0x00000542      0x189 ./Core/Src/stm32f2xx_it.o
 .debug_abbrev  0x000006cb      0x11c ./Core/Src/system_stm32f2xx.o
 .debug_abbrev  0x000007e7       0x24 ./Core/Startup/startup_stm32f207zgtx.o
 .debug_abbrev  0x0000080b      0x286 ./Drivers/STM32F2xx_HAL_Driver/Src/stm32f2xx_hal.o
 .debug_abbrev  0x00000a91      0x28b ./Drivers/STM32F2xx_HAL_Driver/Src/stm32f2xx_hal_adc.o
 .debug_abbrev  0x00000d1c      0x270 ./Drivers/STM32F2xx_HAL_Driver/Src/stm32f2xx_hal_adc_ex.o
 .debug_abbrev  0x00000f8c      0x31c ./Drivers/STM32F2xx_HAL_Driver/Src/stm32f2xx_hal_cortex.o
 .debug_abbrev  0x000012a8      0x264 ./Drivers/STM32F2xx_HAL_Driver/Src/stm32f2xx_hal_dma.o
 .debug_abbrev  0x0000150c      0x1cb ./Drivers/STM32F2xx_HAL_Driver/Src/stm32f2xx_hal_gpio.o
 .debug_abbrev  0x000016d7      0x2c1 ./Drivers/STM32F2xx_HAL_Driver/Src/stm32f2xx_hal_pcd.o
 .debug_abbrev  0x00001998      0x2d6 ./Drivers/STM32F2xx_HAL_Driver/Src/stm32f2xx_hal_rcc.o
 .debug_abbrev  0x00001c6e      0x27a ./Drivers/STM32F2xx_HAL_Driver/Src/stm32f2xx_hal_spi.o
 .debug_abbrev  0x00001ee8      0x30e ./Drivers/STM32F2xx_HAL_Driver/Src/stm32f2xx_hal_uart.o
 .debug_abbrev  0x000021f6      0x2b3 ./Drivers/STM32F2xx_HAL_Driver/Src/stm32f2xx_ll_usb.o

.debug_aranges  0x00000000      0xd40
 .debug_aranges
                0x00000000       0x60 ./Core/Src/main.o
 .debug_aranges
                0x00000060       0x60 ./Core/Src/stm32f2xx_hal_msp.o
 .debug_aranges
                0x000000c0       0x70 ./Core/Src/stm32f2xx_it.o
 .debug_aranges
                0x00000130       0x28 ./Core/Src/system_stm32f2xx.o
 .debug_aranges
                0x00000158       0x28 ./Core/Startup/startup_stm32f207zgtx.o
 .debug_aranges
                0x00000180       0xf0 ./Drivers/STM32F2xx_HAL_Driver/Src/stm32f2xx_hal.o
 .debug_aranges
                0x00000270       0xe8 ./Drivers/STM32F2xx_HAL_Driver/Src/stm32f2xx_hal_adc.o
 .debug_aranges
                0x00000358       0x90 ./Drivers/STM32F2xx_HAL_Driver/Src/stm32f2xx_hal_adc_ex.o
 .debug_aranges
                0x000003e8      0x128 ./Drivers/STM32F2xx_HAL_Driver/Src/stm32f2xx_hal_cortex.o
 .debug_aranges
                0x00000510       0x90 ./Drivers/STM32F2xx_HAL_Driver/Src/stm32f2xx_hal_dma.o
 .debug_aranges
                0x000005a0       0x58 ./Drivers/STM32F2xx_HAL_Driver/Src/stm32f2xx_hal_gpio.o
 .debug_aranges
                0x000005f8      0x148 ./Drivers/STM32F2xx_HAL_Driver/Src/stm32f2xx_hal_pcd.o
 .debug_aranges
                0x00000740       0x88 ./Drivers/STM32F2xx_HAL_Driver/Src/stm32f2xx_hal_rcc.o
 .debug_aranges
                0x000007c8      0x1d0 ./Drivers/STM32F2xx_HAL_Driver/Src/stm32f2xx_hal_spi.o
 .debug_aranges
                0x00000998      0x208 ./Drivers/STM32F2xx_HAL_Driver/Src/stm32f2xx_hal_uart.o
 .debug_aranges
                0x00000ba0      0x1a0 ./Drivers/STM32F2xx_HAL_Driver/Src/stm32f2xx_ll_usb.o

.debug_rnglists
                0x00000000      0xa3d
 .debug_rnglists
                0x00000000       0x46 ./Core/Src/main.o
 .debug_rnglists
                0x00000046       0x47 ./Core/Src/stm32f2xx_hal_msp.o
 .debug_rnglists
                0x0000008d       0x4f ./Core/Src/stm32f2xx_it.o
 .debug_rnglists
                0x000000dc       0x1a ./Core/Src/system_stm32f2xx.o
 .debug_rnglists
                0x000000f6       0x19 ./Core/Startup/startup_stm32f207zgtx.o
 .debug_rnglists
                0x0000010f       0xaf ./Drivers/STM32F2xx_HAL_Driver/Src/stm32f2xx_hal.o
 .debug_rnglists
                0x000001be       0xb5 ./Drivers/STM32F2xx_HAL_Driver/Src/stm32f2xx_hal_adc.o
 .debug_rnglists
                0x00000273       0x71 ./Drivers/STM32F2xx_HAL_Driver/Src/stm32f2xx_hal_adc_ex.o
 .debug_rnglists
                0x000002e4       0xd9 ./Drivers/STM32F2xx_HAL_Driver/Src/stm32f2xx_hal_cortex.o
 .debug_rnglists
                0x000003bd       0x70 ./Drivers/STM32F2xx_HAL_Driver/Src/stm32f2xx_hal_dma.o
 .debug_rnglists
                0x0000042d       0x3f ./Drivers/STM32F2xx_HAL_Driver/Src/stm32f2xx_hal_gpio.o
 .debug_rnglists
                0x0000046c       0xfa ./Drivers/STM32F2xx_HAL_Driver/Src/stm32f2xx_hal_pcd.o
 .debug_rnglists
                0x00000566       0x67 ./Drivers/STM32F2xx_HAL_Driver/Src/stm32f2xx_hal_rcc.o
 .debug_rnglists
                0x000005cd      0x16d ./Drivers/STM32F2xx_HAL_Driver/Src/stm32f2xx_hal_spi.o
 .debug_rnglists
                0x0000073a      0x1bc ./Drivers/STM32F2xx_HAL_Driver/Src/stm32f2xx_hal_uart.o
 .debug_rnglists
                0x000008f6      0x147 ./Drivers/STM32F2xx_HAL_Driver/Src/stm32f2xx_ll_usb.o

.debug_macro    0x00000000    0x1fa34
 .debug_macro   0x00000000      0x209 ./Core/Src/main.o
 .debug_macro   0x00000209      0xaa8 ./Core/Src/main.o
 .debug_macro   0x00000cb1      0x24a ./Core/Src/main.o
 .debug_macro   0x00000efb       0x2e ./Core/Src/main.o
 .debug_macro   0x00000f29       0x22 ./Core/Src/main.o
 .debug_macro   0x00000f4b       0x22 ./Core/Src/main.o
 .debug_macro   0x00000f6d       0x8e ./Core/Src/main.o
 .debug_macro   0x00000ffb       0x51 ./Core/Src/main.o
 .debug_macro   0x0000104c      0x103 ./Core/Src/main.o
 .debug_macro   0x0000114f       0x6a ./Core/Src/main.o
 .debug_macro   0x000011b9      0x1df ./Core/Src/main.o
 .debug_macro   0x00001398       0x1c ./Core/Src/main.o
 .debug_macro   0x000013b4       0x22 ./Core/Src/main.o
 .debug_macro   0x000013d6       0xbd ./Core/Src/main.o
 .debug_macro   0x00001493      0xe49 ./Core/Src/main.o
 .debug_macro   0x000022dc      0x11f ./Core/Src/main.o
 .debug_macro   0x000023fb    0x14fe1 ./Core/Src/main.o
 .debug_macro   0x000173dc       0x6d ./Core/Src/main.o
 .debug_macro   0x00017449     0x35b3 ./Core/Src/main.o
 .debug_macro   0x0001a9fc      0x189 ./Core/Src/main.o
 .debug_macro   0x0001ab85       0x55 ./Core/Src/main.o
 .debug_macro   0x0001abda     0x1056 ./Core/Src/main.o
 .debug_macro   0x0001bc30      0x153 ./Core/Src/main.o
 .debug_macro   0x0001bd83      0x170 ./Core/Src/main.o
 .debug_macro   0x0001bef3      0x115 ./Core/Src/main.o
 .debug_macro   0x0001c008      0x108 ./Core/Src/main.o
 .debug_macro   0x0001c110       0xa5 ./Core/Src/main.o
 .debug_macro   0x0001c1b5      0x16a ./Core/Src/main.o
 .debug_macro   0x0001c31f      0x287 ./Core/Src/main.o
 .debug_macro   0x0001c5a6       0x5f ./Core/Src/main.o
 .debug_macro   0x0001c605      0x236 ./Core/Src/main.o
 .debug_macro   0x0001c83b      0x37c ./Core/Src/main.o
 .debug_macro   0x0001cbb7      0x16f ./Core/Src/main.o
 .debug_macro   0x0001cd26       0xf9 ./Core/Src/main.o
 .debug_macro   0x0001ce1f      0x126 ./Core/Src/main.o
 .debug_macro   0x0001cf45      0x216 ./Core/Src/main.o
 .debug_macro   0x0001d15b       0x2e ./Core/Src/main.o
 .debug_macro   0x0001d189      0x113 ./Core/Src/main.o
 .debug_macro   0x0001d29c       0x22 ./Core/Src/main.o
 .debug_macro   0x0001d2be       0x82 ./Core/Src/main.o
 .debug_macro   0x0001d340      0x225 ./Core/Src/main.o
 .debug_macro   0x0001d565      0x2aa ./Core/Src/main.o
 .debug_macro   0x0001d80f      0x293 ./Core/Src/main.o
 .debug_macro   0x0001daa2       0xba ./Core/Src/main.o
 .debug_macro   0x0001db5c      0x12d ./Core/Src/main.o
 .debug_macro   0x0001dc89      0x13c ./Core/Src/main.o
 .debug_macro   0x0001ddc5      0x209 ./Core/Src/stm32f2xx_hal_msp.o
 .debug_macro   0x0001dfce      0x213 ./Core/Src/stm32f2xx_it.o
 .debug_macro   0x0001e1e1      0x1fa ./Core/Src/system_stm32f2xx.o
 .debug_macro   0x0001e3db      0x248 ./Drivers/STM32F2xx_HAL_Driver/Src/stm32f2xx_hal.o
 .debug_macro   0x0001e623      0x1fb ./Drivers/STM32F2xx_HAL_Driver/Src/stm32f2xx_hal_adc.o
 .debug_macro   0x0001e81e      0x1fa ./Drivers/STM32F2xx_HAL_Driver/Src/stm32f2xx_hal_adc_ex.o
 .debug_macro   0x0001ea18      0x1fa ./Drivers/STM32F2xx_HAL_Driver/Src/stm32f2xx_hal_cortex.o
 .debug_macro   0x0001ec12      0x200 ./Drivers/STM32F2xx_HAL_Driver/Src/stm32f2xx_hal_dma.o
 .debug_macro   0x0001ee12      0x201 ./Drivers/STM32F2xx_HAL_Driver/Src/stm32f2xx_hal_gpio.o
 .debug_macro   0x0001f013      0x206 ./Drivers/STM32F2xx_HAL_Driver/Src/stm32f2xx_hal_pcd.o
 .debug_macro   0x0001f219      0x224 ./Drivers/STM32F2xx_HAL_Driver/Src/stm32f2xx_hal_rcc.o
 .debug_macro   0x0001f43d      0x202 ./Drivers/STM32F2xx_HAL_Driver/Src/stm32f2xx_hal_spi.o
 .debug_macro   0x0001f63f      0x1fb ./Drivers/STM32F2xx_HAL_Driver/Src/stm32f2xx_hal_uart.o
 .debug_macro   0x0001f83a      0x1fa ./Drivers/STM32F2xx_HAL_Driver/Src/stm32f2xx_ll_usb.o

.debug_line     0x00000000    0x101b6
 .debug_line    0x00000000      0x9cc ./Core/Src/main.o
 .debug_line    0x000009cc      0x8df ./Core/Src/stm32f2xx_hal_msp.o
 .debug_line    0x000012ab      0x87e ./Core/Src/stm32f2xx_it.o
 .debug_line    0x00001b29      0x808 ./Core/Src/system_stm32f2xx.o
 .debug_line    0x00002331       0x7a ./Core/Startup/startup_stm32f207zgtx.o
 .debug_line    0x000023ab      0xaa5 ./Drivers/STM32F2xx_HAL_Driver/Src/stm32f2xx_hal.o
 .debug_line    0x00002e50     0x11ff ./Drivers/STM32F2xx_HAL_Driver/Src/stm32f2xx_hal_adc.o
 .debug_line    0x0000404f      0xf4e ./Drivers/STM32F2xx_HAL_Driver/Src/stm32f2xx_hal_adc_ex.o
 .debug_line    0x00004f9d      0xd50 ./Drivers/STM32F2xx_HAL_Driver/Src/stm32f2xx_hal_cortex.o
 .debug_line    0x00005ced      0xfe9 ./Drivers/STM32F2xx_HAL_Driver/Src/stm32f2xx_hal_dma.o
 .debug_line    0x00006cd6      0xc0b ./Drivers/STM32F2xx_HAL_Driver/Src/stm32f2xx_hal_gpio.o
 .debug_line    0x000078e1     0x14d1 ./Drivers/STM32F2xx_HAL_Driver/Src/stm32f2xx_hal_pcd.o
 .debug_line    0x00008db2      0xf36 ./Drivers/STM32F2xx_HAL_Driver/Src/stm32f2xx_hal_rcc.o
 .debug_line    0x00009ce8     0x1d56 ./Drivers/STM32F2xx_HAL_Driver/Src/stm32f2xx_hal_spi.o
 .debug_line    0x0000ba3e     0x2942 ./Drivers/STM32F2xx_HAL_Driver/Src/stm32f2xx_hal_uart.o
 .debug_line    0x0000e380     0x1e36 ./Drivers/STM32F2xx_HAL_Driver/Src/stm32f2xx_ll_usb.o

.debug_str      0x00000000    0xbfbb0
 .debug_str     0x00000000    0xbc7a1 ./Core/Src/main.o
                              0xbcb26 (size before relaxing)
 .debug_str     0x000bc7a1      0x606 ./Core/Src/stm32f2xx_hal_msp.o
                              0xbcde7 (size before relaxing)
 .debug_str     0x000bcda7       0xff ./Core/Src/stm32f2xx_it.o
                              0xbc272 (size before relaxing)
 .debug_str     0x000bcea6       0x87 ./Core/Src/system_stm32f2xx.o
                              0xbb827 (size before relaxing)
 .debug_str     0x000bcf2d       0x44 ./Core/Startup/startup_stm32f207zgtx.o
                                 0x79 (size before relaxing)
 .debug_str     0x000bcf71      0x563 ./Drivers/STM32F2xx_HAL_Driver/Src/stm32f2xx_hal.o
                              0xbc373 (size before relaxing)
 .debug_str     0x000bd4d4      0x264 ./Drivers/STM32F2xx_HAL_Driver/Src/stm32f2xx_hal_adc.o
                              0xbbe6e (size before relaxing)
 .debug_str     0x000bd738      0x2df ./Drivers/STM32F2xx_HAL_Driver/Src/stm32f2xx_hal_adc_ex.o
                              0xbbeae (size before relaxing)
 .debug_str     0x000bda17      0x3b2 ./Drivers/STM32F2xx_HAL_Driver/Src/stm32f2xx_hal_cortex.o
                              0xbc16a (size before relaxing)
 .debug_str     0x000bddc9      0x2f6 ./Drivers/STM32F2xx_HAL_Driver/Src/stm32f2xx_hal_dma.o
                              0xbbc95 (size before relaxing)
 .debug_str     0x000be0bf      0x11f ./Drivers/STM32F2xx_HAL_Driver/Src/stm32f2xx_hal_gpio.o
                              0xbb9e5 (size before relaxing)
 .debug_str     0x000be1de      0x7c2 ./Drivers/STM32F2xx_HAL_Driver/Src/stm32f2xx_hal_pcd.o
                              0xbc2e8 (size before relaxing)
 .debug_str     0x000be9a0      0x248 ./Drivers/STM32F2xx_HAL_Driver/Src/stm32f2xx_hal_rcc.o
                              0xbbcd9 (size before relaxing)
 .debug_str     0x000bebe8      0x528 ./Drivers/STM32F2xx_HAL_Driver/Src/stm32f2xx_hal_spi.o
                              0xbc113 (size before relaxing)
 .debug_str     0x000bf110      0x5f0 ./Drivers/STM32F2xx_HAL_Driver/Src/stm32f2xx_hal_uart.o
                              0xbc27c (size before relaxing)
 .debug_str     0x000bf700      0x4b0 ./Drivers/STM32F2xx_HAL_Driver/Src/stm32f2xx_ll_usb.o
                              0xbc234 (size before relaxing)

.comment        0x00000000       0x43
 .comment       0x00000000       0x43 ./Core/Src/main.o
                                 0x44 (size before relaxing)
 .comment       0x00000043       0x44 ./Core/Src/stm32f2xx_hal_msp.o
 .comment       0x00000043       0x44 ./Core/Src/stm32f2xx_it.o
 .comment       0x00000043       0x44 ./Core/Src/system_stm32f2xx.o
 .comment       0x00000043       0x44 ./Drivers/STM32F2xx_HAL_Driver/Src/stm32f2xx_hal.o
 .comment       0x00000043       0x44 ./Drivers/STM32F2xx_HAL_Driver/Src/stm32f2xx_hal_adc.o
 .comment       0x00000043       0x44 ./Drivers/STM32F2xx_HAL_Driver/Src/stm32f2xx_hal_adc_ex.o
 .comment       0x00000043       0x44 ./Drivers/STM32F2xx_HAL_Driver/Src/stm32f2xx_hal_cortex.o
 .comment       0x00000043       0x44 ./Drivers/STM32F2xx_HAL_Driver/Src/stm32f2xx_hal_dma.o
 .comment       0x00000043       0x44 ./Drivers/STM32F2xx_HAL_Driver/Src/stm32f2xx_hal_gpio.o
 .comment       0x00000043       0x44 ./Drivers/STM32F2xx_HAL_Driver/Src/stm32f2xx_hal_pcd.o
 .comment       0x00000043       0x44 ./Drivers/STM32F2xx_HAL_Driver/Src/stm32f2xx_hal_rcc.o
 .comment       0x00000043       0x44 ./Drivers/STM32F2xx_HAL_Driver/Src/stm32f2xx_hal_spi.o
 .comment       0x00000043       0x44 ./Drivers/STM32F2xx_HAL_Driver/Src/stm32f2xx_hal_uart.o
 .comment       0x00000043       0x44 ./Drivers/STM32F2xx_HAL_Driver/Src/stm32f2xx_ll_usb.o

.debug_frame    0x00000000     0x37f8
 .debug_frame   0x00000000      0x128 ./Core/Src/main.o
 .debug_frame   0x00000128      0x158 ./Core/Src/stm32f2xx_hal_msp.o
 .debug_frame   0x00000280      0x13c ./Core/Src/stm32f2xx_it.o
 .debug_frame   0x000003bc       0x58 ./Core/Src/system_stm32f2xx.o
 .debug_frame   0x00000414      0x384 ./Drivers/STM32F2xx_HAL_Driver/Src/stm32f2xx_hal.o
 .debug_frame   0x00000798      0x3fc ./Drivers/STM32F2xx_HAL_Driver/Src/stm32f2xx_hal_adc.o
 .debug_frame   0x00000b94      0x250 ./Drivers/STM32F2xx_HAL_Driver/Src/stm32f2xx_hal_adc_ex.o
 .debug_frame   0x00000de4      0x4e8 ./Drivers/STM32F2xx_HAL_Driver/Src/stm32f2xx_hal_cortex.o
 .debug_frame   0x000012cc      0x250 ./Drivers/STM32F2xx_HAL_Driver/Src/stm32f2xx_hal_dma.o
 .debug_frame   0x0000151c      0x14c ./Drivers/STM32F2xx_HAL_Driver/Src/stm32f2xx_hal_gpio.o
 .debug_frame   0x00001668      0x5b8 ./Drivers/STM32F2xx_HAL_Driver/Src/stm32f2xx_hal_pcd.o
 .debug_frame   0x00001c20      0x208 ./Drivers/STM32F2xx_HAL_Driver/Src/stm32f2xx_hal_rcc.o
 .debug_frame   0x00001e28      0x820 ./Drivers/STM32F2xx_HAL_Driver/Src/stm32f2xx_hal_spi.o
 .debug_frame   0x00002648      0x944 ./Drivers/STM32F2xx_HAL_Driver/Src/stm32f2xx_hal_uart.o
 .debug_frame   0x00002f8c      0x7c0 ./Drivers/STM32F2xx_HAL_Driver/Src/stm32f2xx_ll_usb.o
 .debug_frame   0x0000374c       0x20 C:/ST/STM32CubeIDE_1.16.0/STM32CubeIDE/plugins/com.st.stm32cube.ide.mcu.externaltools.gnu-tools-for-stm32.12.3.rel1.win32_1.0.200.202406191623/tools/bin/../lib/gcc/arm-none-eabi/12.3.1/../../../../arm-none-eabi/lib/thumb/v7-m/nofp\libc_nano.a(libc_a-memset.o)
 .debug_frame   0x0000376c       0x2c C:/ST/STM32CubeIDE_1.16.0/STM32CubeIDE/plugins/com.st.stm32cube.ide.mcu.externaltools.gnu-tools-for-stm32.12.3.rel1.win32_1.0.200.202406191623/tools/bin/../lib/gcc/arm-none-eabi/12.3.1/../../../../arm-none-eabi/lib/thumb/v7-m/nofp\libc_nano.a(libc_a-init.o)
 .debug_frame   0x00003798       0x2c C:/ST/STM32CubeIDE_1.16.0/STM32CubeIDE/plugins/com.st.stm32cube.ide.mcu.externaltools.gnu-tools-for-stm32.12.3.rel1.win32_1.0.200.202406191623/tools/bin/../lib/gcc/arm-none-eabi/12.3.1/thumb/v7-m/nofp\libgcc.a(_aeabi_uldivmod.o)
 .debug_frame   0x000037c4       0x34 C:/ST/STM32CubeIDE_1.16.0/STM32CubeIDE/plugins/com.st.stm32cube.ide.mcu.externaltools.gnu-tools-for-stm32.12.3.rel1.win32_1.0.200.202406191623/tools/bin/../lib/gcc/arm-none-eabi/12.3.1/thumb/v7-m/nofp\libgcc.a(_udivmoddi4.o)

.debug_line_str
                0x00000000       0x5d
 .debug_line_str
                0x00000000       0x5d ./Core/Startup/startup_stm32f207zgtx.o
